16:20:12 **** Incremental Build of configuration Release for project P2_SW_V3 ****
make all 
make --no-print-directory pre-build
a9-linaro-pre-build-step
' '
make --no-print-directory main-build
'Building file: ../src/main.c'
'Invoking: ARM v7 gcc compiler'
arm-none-eabi-gcc -Wall -O2 -c -fmessage-length=0 -MT"src/main.o" -mcpu=cortex-a9 -mfpu=vfpv3 -mfloat-abi=hard -IC:/Users/vicen/OneDrive/Escritorio/Septimo_Semestre/SEP/Proyecto2/Proyecto2/P2_wrapper_v3/export/P2_wrapper_v3/sw/P2_wrapper_v3/domain_ps7_cortexa9_0/bspinclude/include -MMD -MP -MF"src/main.d" -MT"src/main.o" -o "src/main.o" "../src/main.c"
../src/main.c: In function 'main':
../src/main.c:89:48: warning: passing argument 2 of 'Xil_Out32' makes integer from pointer without a cast [-Wint-conversion]
   89 |  Xil_Out32(XPAR_BUZZER_AXI_0_S00_AXI_BASEADDR, &magnitud);
      |                                                ^~~~~~~~~
      |                                                |
      |                                                int *
In file included from C:/Users/vicen/OneDrive/Escritorio/Septimo_Semestre/SEP/Proyecto2/Proyecto2/P2_wrapper_v3/export/P2_wrapper_v3/sw/P2_wrapper_v3/domain_ps7_cortexa9_0/bspinclude/include/sleep.h:30,
                 from ../src/main.c:2:
C:/Users/vicen/OneDrive/Escritorio/Septimo_Semestre/SEP/Proyecto2/Proyecto2/P2_wrapper_v3/export/P2_wrapper_v3/sw/P2_wrapper_v3/domain_ps7_cortexa9_0/bspinclude/include/xil_io.h:200:48: note: expected 'u32' {aka 'long unsigned int'} but argument is of type 'int *'
  200 | static INLINE void Xil_Out32(UINTPTR Addr, u32 Value)
      |                                            ~~~~^~~~~
../src/main.c:92:2: warning: implicit declaration of function 'GUI_Alien_A' [-Wimplicit-function-declaration]
   92 |  GUI_Alien_A(19,30);
      |  ^~~~~~~~~~~
../src/main.c:113:4: warning: implicit declaration of function 'GUI_Mover_tanque' [-Wimplicit-function-declaration]
  113 |    GUI_Mover_tanque(posicion, prev_posicion);
      |    ^~~~~~~~~~~~~~~~
../src/main.c:84:7: warning: unused variable 'mic' [-Wunused-variable]
   84 |  char mic[16] = {};
      |       ^~~
../src/main.c:81:7: warning: unused variable 'opt' [-Wunused-variable]
   81 |  char opt[16] = {};
      |       ^~~
../src/main.c:77:7: warning: unused variable 'acx' [-Wunused-variable]
   77 |  char acx[16] = {};
      |       ^~~
'Finished building: ../src/main.c'
' '
'Building target: P2_SW_V3.elf'
'Invoking: ARM v7 gcc linker'
arm-none-eabi-gcc -mcpu=cortex-a9 -mfpu=vfpv3 -mfloat-abi=hard -Wl,-build-id=none -specs=Xilinx.spec -Wl,-T -Wl,../src/lscript.ld -LC:/Users/vicen/OneDrive/Escritorio/Septimo_Semestre/SEP/Proyecto2/Proyecto2/P2_wrapper_v3/export/P2_wrapper_v3/sw/P2_wrapper_v3/domain_ps7_cortexa9_0/bsplib/lib -o "P2_SW_V3.elf"  ./src/ADC.o ./src/Delay.o ./src/I2C.o ./src/LCD_Driver.o ./src/LCD_GUI.o ./src/LCD_SPI.o ./src/font12.o ./src/font16.o ./src/font20.o ./src/font24.o ./src/font8.o ./src/main.o ./src/platform.o   -Wl,--start-group,-lxil,-lgcc,-lc,--end-group
'Finished building target: P2_SW_V3.elf'
' '
'Invoking: ARM v7 Print Size'
arm-none-eabi-size P2_SW_V3.elf  |tee "P2_SW_V3.elf.size"
   text	   data	    bss	    dec	    hex	filename
 153116	   2678	  22976	 178770	  2ba52	P2_SW_V3.elf
'Finished building: P2_SW_V3.elf.size'
' '

16:20:14 Build Finished (took 2s.227ms)

